// Jest Snapshot v1, https://goo.gl/fbAQLP

exports[`Should render ExpenseListItem with one item from fixtured expense 1`] = `
<div>
  <Link
    to="/edit/1"
  >
    <h3>
      Gum
    </h3>
  </Link>
  <p>
    123
     - 
    0
  </p>
</div>
`;
