// Jest Snapshot v1, https://goo.gl/fbAQLP

exports[`Should render Header correctly 1`] = `
<header>
  <h1>
    Expensify
  </h1>
  <NavLink
    activeClassName="is-active"
    to="/dashboard"
  >
    Home page
  </NavLink>
  <NavLink
    activeClassName="is-active"
    to="/create"
  >
    Create expense
  </NavLink>
  <NavLink
    activeClassName="is-active"
    to="/help"
  >
    Help page
  </NavLink>
  <button>
    Logout
  </button>
</header>
`;
